[2025-10-15 16:05:11][0/6094]SX_1000_1
[2025-10-15 16:05:11]
[2025-10-15 16:05:11][1/6094]SX_1000_1x1
[2025-10-15 16:05:11]
[2025-10-15 16:05:11][2/6094]SX_1000_2
[2025-10-15 16:05:11]
[2025-10-15 16:05:11][3/6094]SX_1000_3
[2025-10-15 16:05:11]
[2025-10-15 16:05:11][4/6094]SX_1000_4
[2025-10-15 16:05:11]
[2025-10-15 16:05:11][5/6094]SX_1000_5
[2025-10-15 16:05:11]
[2025-10-15 16:05:11][6/6094]SX_1001_1
[2025-10-15 16:05:11]
[2025-10-15 16:05:11][7/6094]SX_1001_2
[2025-10-15 16:05:11]
[2025-10-15 16:05:11][8/6094]SX_1001_3
[2025-10-15 16:05:11]
[2025-10-15 16:05:11][9/6094]SX_1001_4
[2025-10-15 16:05:11]
[2025-10-15 16:05:11][10/6094]SX_1002_1
[2025-10-15 16:05:11]
[2025-10-15 16:05:11][11/6094]SX_1002_2
[2025-10-15 16:05:11]
[2025-10-15 16:05:11][12/6094]SX_1002_3
[2025-10-15 16:05:11]
[2025-10-15 16:05:11][13/6094]SX_1003_1
[2025-10-15 16:05:11]
[2025-10-15 16:05:11][14/6094]SX_1003_2
[2025-10-15 16:05:11]
[2025-10-15 16:05:11][15/6094]SX_1004_1
[2025-10-15 16:05:11]
[2025-10-15 16:05:11][16/6094]SX_1004_2
[2025-10-15 16:05:11]
[2025-10-15 16:05:11][17/6094]SX_1004_3
[2025-10-15 16:05:11]
[2025-10-15 16:05:11][18/6094]SX_1004_4
[2025-10-15 16:05:11]
[2025-10-15 16:05:11][19/6094]SX_1004_5
[2025-10-15 16:05:11]
[2025-10-15 16:05:11][20/6094]SX_1004_6
[2025-10-15 16:05:11]
[2025-10-15 16:05:11][21/6094]SX_1005_1
[2025-10-15 16:05:11]
[2025-10-15 16:05:11][22/6094]SX_1006_1
[2025-10-15 16:05:11]
[2025-10-15 16:05:11][23/6094]SX_1007_1
[2025-10-15 16:05:11]
[2025-10-15 16:05:11][24/6094]SX_1008_1
[2025-10-15 16:05:11]
[2025-10-15 16:05:11][25/6094]SX_1009_1
[2025-10-15 16:05:11]
[2025-10-15 16:05:11][26/6094]SX_100_1
[2025-10-15 16:05:11]
[2025-10-15 16:05:11][27/6094]SX_100_2
[2025-10-15 16:05:11]
[2025-10-15 16:05:11][28/6094]SX_100_3
[2025-10-15 16:05:11]
[2025-10-15 16:05:11][29/6094]SX_100_4
[2025-10-15 16:05:11]
[2025-10-15 16:05:11][30/6094]SX_100_5
[2025-10-15 16:05:11]
[2025-10-15 16:05:11][31/6094]SX_100_6
[2025-10-15 16:05:11]
[2025-10-15 16:05:11][32/6094]SX_1010_1
[2025-10-15 16:05:11]
[2025-10-15 16:05:11][33/6094]SX_1011_1
[2025-10-15 16:05:11]
[2025-10-15 16:05:11][34/6094]SX_1012_1
[2025-10-15 16:05:11]
[2025-10-15 16:05:11][35/6094]SX_1013_1
[2025-10-15 16:05:11]
[2025-10-15 16:05:11][36/6094]SX_1014_1
[2025-10-15 16:05:11]
[2025-10-15 16:05:11][37/6094]SX_1014_2
[2025-10-15 16:05:11]
[2025-10-15 16:05:11][38/6094]SX_1015_1
[2025-10-15 16:05:11]
[2025-10-15 16:05:11][39/6094]SX_1015_2
[2025-10-15 16:05:11]
[2025-10-15 16:05:11][40/6094]SX_1015_3
[2025-10-15 16:05:11]
[2025-10-15 16:05:11][41/6094]SX_1015_4
[2025-10-15 16:05:11]
[2025-10-15 16:05:11][42/6094]SX_1015_5
[2025-10-15 16:05:11]
[2025-10-15 16:05:11][43/6094]SX_1015_6
[2025-10-15 16:05:11]
[2025-10-15 16:05:11][44/6094]SX_1015_7
[2025-10-15 16:05:11]
[2025-10-15 16:05:11][45/6094]SX_1015_8
[2025-10-15 16:05:11]
[2025-10-15 16:05:11][46/6094]SX_1016_1
[2025-10-15 16:05:11]
[2025-10-15 16:05:11][47/6094]SX_1016_2
[2025-10-15 16:05:11]
[2025-10-15 16:05:11][48/6094]SX_1016_3
[2025-10-15 16:05:11]
[2025-10-15 16:05:11][49/6094]SX_1017_1
[2025-10-15 16:05:11]
[2025-10-15 16:05:11][50/6094]SX_1017_1x1
[2025-10-15 16:05:11]
[2025-10-15 16:05:11][51/6094]SX_1017_2
[2025-10-15 16:05:11]
[2025-10-15 16:05:11][52/6094]SX_1018_1
[2025-10-15 16:05:11]
[2025-10-15 16:05:11][53/6094]SX_1018_2
[2025-10-15 16:05:11]
[2025-10-15 16:05:11][54/6094]SX_1019_1
[2025-10-15 16:05:11]
[2025-10-15 16:05:11][55/6094]SX_1019_2
[2025-10-15 16:05:11]
[2025-10-15 16:05:11][56/6094]SX_101_1
[2025-10-15 16:05:11]
[2025-10-15 16:05:11][57/6094]SX_1020_1
[2025-10-15 16:05:11]
[2025-10-15 16:05:11][58/6094]SX_1021_1
[2025-10-15 16:05:11]
[2025-10-15 16:05:11][59/6094]SX_1022_1
[2025-10-15 16:05:11]
[2025-10-15 16:05:11][60/6094]SX_1023_1
[2025-10-15 16:05:11]
[2025-10-15 16:05:11][61/6094]SX_1024_1
[2025-10-15 16:05:11]
[2025-10-15 16:05:11][62/6094]SX_1025_1
[2025-10-15 16:05:11]
[2025-10-15 16:05:11][63/6094]SX_1026_1
[2025-10-15 16:05:11]
[2025-10-15 16:05:11][64/6094]SX_1027_1
[2025-10-15 16:05:11]
[2025-10-15 16:05:11][65/6094]SX_1027_2
[2025-10-15 16:05:11]
[2025-10-15 16:05:11][66/6094]SX_1028_1
[2025-10-15 16:05:11]
[2025-10-15 16:05:11][67/6094]SX_1028_2
[2025-10-15 16:05:11]
[2025-10-15 16:05:11][68/6094]SX_1029_1
[2025-10-15 16:05:11]
[2025-10-15 16:05:11][69/6094]SX_102_1
[2025-10-15 16:05:11]
[2025-10-15 16:05:11][70/6094]SX_102_2
[2025-10-15 16:05:11]CBETA:0.999
[2025-10-15 16:05:11][71/6094]SX_102_3
[2025-10-15 16:05:12]CBETA:0.9943
[2025-10-15 16:05:12][72/6094]SX_1030_1
[2025-10-15 16:05:12]
[2025-10-15 16:05:12][73/6094]SX_1030_10
[2025-10-15 16:05:12]
[2025-10-15 16:05:12][74/6094]SX_1030_2
[2025-10-15 16:05:12]
[2025-10-15 16:05:12][75/6094]SX_1030_3
[2025-10-15 16:05:12]
[2025-10-15 16:05:12][76/6094]SX_1030_4
[2025-10-15 16:05:12]
[2025-10-15 16:05:12][77/6094]SX_1030_5
[2025-10-15 16:05:12]
[2025-10-15 16:05:12][78/6094]SX_1030_6
[2025-10-15 16:05:12]
[2025-10-15 16:05:12][79/6094]SX_1030_7
[2025-10-15 16:05:12]CBETA:1.0;华鲤:0.9951
[2025-10-15 16:05:12][80/6094]SX_1030_8
[2025-10-15 16:05:12]
[2025-10-15 16:05:12][81/6094]SX_1030_9
[2025-10-15 16:05:12]
[2025-10-15 16:05:12][82/6094]SX_1031_1
[2025-10-15 16:05:12]
[2025-10-15 16:05:12][83/6094]SX_1031_2
[2025-10-15 16:05:12]
[2025-10-15 16:05:12][84/6094]SX_1031_3
[2025-10-15 16:05:12]
[2025-10-15 16:05:12][85/6094]SX_1031_4
[2025-10-15 16:05:12]
[2025-10-15 16:05:12][86/6094]SX_1031_5
[2025-10-15 16:05:12]
[2025-10-15 16:05:12][87/6094]SX_1032_1
[2025-10-15 16:05:13]CBETA:0.9151;华鲤:0.9146
[2025-10-15 16:05:13][88/6094]SX_1032_1x1
[2025-10-15 16:05:13]
[2025-10-15 16:05:13][89/6094]SX_1033_1
[2025-10-15 16:05:13]
[2025-10-15 16:05:13][90/6094]SX_1033_2
[2025-10-15 16:05:13]
[2025-10-15 16:05:13][91/6094]SX_1034_1
[2025-10-15 16:05:13]
[2025-10-15 16:05:13][92/6094]SX_1034_1x1
[2025-10-15 16:05:13]
[2025-10-15 16:05:13][93/6094]SX_1034_2
[2025-10-15 16:05:13]
[2025-10-15 16:05:13][94/6094]SX_1035_1
[2025-10-15 16:05:13]
[2025-10-15 16:05:13][95/6094]SX_1035_2
[2025-10-15 16:05:13]
[2025-10-15 16:05:13][96/6094]SX_1035_3
[2025-10-15 16:05:13]
[2025-10-15 16:05:13][97/6094]SX_1035_4
[2025-10-15 16:05:13]
[2025-10-15 16:05:13][98/6094]SX_1036_1
[2025-10-15 16:05:13]
[2025-10-15 16:05:13][99/6094]SX_1037_1
[2025-10-15 16:05:13]
[2025-10-15 16:05:13][100/6094]SX_1038_1
[2025-10-15 16:05:13]
[2025-10-15 16:05:13][101/6094]SX_1039_1
[2025-10-15 16:05:13]
[2025-10-15 16:05:13][102/6094]SX_103_1
[2025-10-15 16:05:13]
[2025-10-15 16:05:13][103/6094]SX_103_2
[2025-10-15 16:05:13]
[2025-10-15 16:05:13][104/6094]SX_103_3
