[2025-10-16 07:22:04][0/6094]SX_1000_1
[2025-10-16 07:22:04]佛光藏:0.9999;CBETA:0.9994
[2025-10-16 07:22:04][1/6094]SX_1000_1x1
[2025-10-16 07:22:04]佛光藏:1.0;CBETA:0.9831
[2025-10-16 07:22:04][2/6094]SX_1000_2
[2025-10-16 07:22:05]佛光藏:1.0;CBETA:1.0
[2025-10-16 07:22:05][3/6094]SX_1000_3
[2025-10-16 07:22:05]佛光藏:1.0;CBETA:1.0
[2025-10-16 07:22:05][4/6094]SX_1000_4
[2025-10-16 07:22:05]佛光藏:1.0;CBETA:1.0
[2025-10-16 07:22:05][5/6094]SX_1000_5
[2025-10-16 07:22:06]佛光藏:1.0;CBETA:1.0
[2025-10-16 07:22:06][6/6094]SX_1001_1
[2025-10-16 07:22:07]佛光藏:0.9491;CBETA:0.95
[2025-10-16 07:22:07][7/6094]SX_1001_2
[2025-10-16 07:22:08]佛光藏:0.9991;CBETA:0.9999
[2025-10-16 07:22:08][8/6094]SX_1001_3
[2025-10-16 07:22:08]佛光藏:0.9352;CBETA:0.9364
[2025-10-16 07:22:08][9/6094]SX_1001_4
[2025-10-16 07:22:09]佛光藏:0.999;CBETA:1.0
[2025-10-16 07:22:09][10/6094]SX_1002_1
[2025-10-16 07:22:09]CBETA:0.9994
[2025-10-16 07:22:09][11/6094]SX_1002_2
[2025-10-16 07:22:09]CBETA:1.0
[2025-10-16 07:22:09][12/6094]SX_1002_3
[2025-10-16 07:22:10]CBETA:0.9988
[2025-10-16 07:22:10][13/6094]SX_1003_1
[2025-10-16 07:22:11]佛光藏:0.8768;CBETA:0.903;华鲤:0.0021
[2025-10-16 07:22:11][14/6094]SX_1003_2
[2025-10-16 07:22:12]佛光藏:0.9107;CBETA:0.9347;华鲤:0.9426
[2025-10-16 07:22:12][15/6094]SX_1004_1
[2025-10-16 07:22:12]CBETA:1.0;华鲤:1.0
[2025-10-16 07:22:12][16/6094]SX_1004_2
[2025-10-16 07:22:12]CBETA:1.0;华鲤:1.0
[2025-10-16 07:22:12][17/6094]SX_1004_3
[2025-10-16 07:22:13]CBETA:1.0;华鲤:1.0
[2025-10-16 07:22:13][18/6094]SX_1004_4
[2025-10-16 07:22:13]CBETA:1.0;华鲤:1.0
[2025-10-16 07:22:13][19/6094]SX_1004_5
[2025-10-16 07:22:13]CBETA:0.965;华鲤:0.9641
[2025-10-16 07:22:13][20/6094]SX_1004_6
[2025-10-16 07:22:13]CBETA:1.0;华鲤:1.0
[2025-10-16 07:22:13][21/6094]SX_1005_1
[2025-10-16 07:22:13]CBETA:0.9528
[2025-10-16 07:22:13][22/6094]SX_1006_1
[2025-10-16 07:22:13]CBETA:1.0
[2025-10-16 07:22:13][23/6094]SX_1007_1
[2025-10-16 07:22:13]CBETA:0.9816
[2025-10-16 07:22:13][24/6094]SX_1008_1
[2025-10-16 07:22:13]CBETA:1.0
[2025-10-16 07:22:13][25/6094]SX_1009_1
[2025-10-16 07:22:13]CBETA:1.0;华鲤:0.998
[2025-10-16 07:22:13][26/6094]SX_100_1
[2025-10-16 07:22:14]CBETA:0.9975;华鲤:0.0145
[2025-10-16 07:22:14][27/6094]SX_100_2
[2025-10-16 07:22:14]CBETA:0.9992;华鲤:0.3677
[2025-10-16 07:22:14][28/6094]SX_100_3
[2025-10-16 07:22:15]CBETA:0.9995;华鲤:0.4351
[2025-10-16 07:22:15][29/6094]SX_100_4
[2025-10-16 07:22:16]CBETA:0.9997;华鲤:0.3727
[2025-10-16 07:22:16][30/6094]SX_100_5
[2025-10-16 07:22:17]CBETA:0.9995;华鲤:1.0
[2025-10-16 07:22:17][31/6094]SX_100_6
[2025-10-16 07:22:17]CBETA:0.9929;华鲤:0.9973
[2025-10-16 07:22:17][32/6094]SX_1010_1
[2025-10-16 07:22:17]CBETA:0.9918
[2025-10-16 07:22:17][33/6094]SX_1011_1
[2025-10-16 07:22:17]CBETA:0.7684
[2025-10-16 07:22:17][34/6094]SX_1012_1
[2025-10-16 07:22:17]CBETA:1.0
[2025-10-16 07:22:17][35/6094]SX_1013_1
[2025-10-16 07:22:17]CBETA:0.97
[2025-10-16 07:22:17][36/6094]SX_1014_1
[2025-10-16 07:22:17]CBETA:0.9636
[2025-10-16 07:22:17][37/6094]SX_1014_2
[2025-10-16 07:22:18]CBETA:0.9995
[2025-10-16 07:22:18][38/6094]SX_1015_1
[2025-10-16 07:22:19]佛光藏:0.9533;CBETA:0.9557
[2025-10-16 07:22:19][39/6094]SX_1015_2
[2025-10-16 07:22:21]佛光藏:0.9587;CBETA:0.9208
[2025-10-16 07:22:21][40/6094]SX_1015_3
[2025-10-16 07:22:22]佛光藏:0.9908;CBETA:0.9848
[2025-10-16 07:22:22][41/6094]SX_1015_4
[2025-10-16 07:22:23]佛光藏:0.9835;CBETA:0.4971
[2025-10-16 07:22:24][42/6094]SX_1015_5
[2025-10-16 07:22:24]佛光藏:0.9957;CBETA:0.8053
[2025-10-16 07:22:24][43/6094]SX_1015_6
[2025-10-16 07:22:25]佛光藏:0.9894;CBETA:0.9895
[2025-10-16 07:22:25][44/6094]SX_1015_7
[2025-10-16 07:22:26]佛光藏:0.991;CBETA:0.9901
[2025-10-16 07:22:26][45/6094]SX_1015_8
[2025-10-16 07:22:26]佛光藏:0.9608;CBETA:0.9472
[2025-10-16 07:22:26][46/6094]SX_1016_1
[2025-10-16 07:22:27]CBETA:1.0;华鲤:1.0
[2025-10-16 07:22:27][47/6094]SX_1016_2
[2025-10-16 07:22:27]CBETA:0.9994;华鲤:0.9994
[2025-10-16 07:22:27][48/6094]SX_1016_3
[2025-10-16 07:22:28]CBETA:1.0;华鲤:0.9998
[2025-10-16 07:22:28][49/6094]SX_1017_1
[2025-10-16 07:22:28]CBETA:0.9666
[2025-10-16 07:22:28][50/6094]SX_1017_1x1
[2025-10-16 07:22:28]CBETA:0.9866
[2025-10-16 07:22:28][51/6094]SX_1017_2
[2025-10-16 07:22:29]CBETA:0.9986
[2025-10-16 07:22:29][52/6094]SX_1018_1
[2025-10-16 07:22:30]CBETA:0.9504
[2025-10-16 07:22:30][53/6094]SX_1018_2
[2025-10-16 07:22:30]CBETA:1.0
[2025-10-16 07:22:30][54/6094]SX_1019_1
[2025-10-16 07:22:31]CBETA:0.9415
[2025-10-16 07:22:31][55/6094]SX_1019_2
[2025-10-16 07:22:31]CBETA:0.9989
[2025-10-16 07:22:31][56/6094]SX_101_1
[2025-10-16 07:22:31]CBETA:1.0
[2025-10-16 07:22:31][57/6094]SX_1020_1
[2025-10-16 07:22:31]CBETA:0.9802
[2025-10-16 07:22:31][58/6094]SX_1021_1
[2025-10-16 07:22:31]佛光藏:0.9405;CBETA:0.9415
[2025-10-16 07:22:31][59/6094]SX_1022_1
[2025-10-16 07:22:31]CBETA:1.0
[2025-10-16 07:22:31][60/6094]SX_1023_1
[2025-10-16 07:22:31]佛光藏:0.9204;CBETA:0.9204
[2025-10-16 07:22:31][61/6094]SX_1024_1
[2025-10-16 07:22:31]CBETA:0.9882
[2025-10-16 07:22:31][62/6094]SX_1025_1
[2025-10-16 07:22:31]CBETA:0.9933
[2025-10-16 07:22:31][63/6094]SX_1026_1
[2025-10-16 07:22:32]CBETA:0.8893
[2025-10-16 07:22:32][64/6094]SX_1027_1
[2025-10-16 07:22:32]佛光藏:1.0;CBETA:1.0
[2025-10-16 07:22:32][65/6094]SX_1027_2
[2025-10-16 07:22:32]佛光藏:0.928;CBETA:0.928
[2025-10-16 07:22:32][66/6094]SX_1028_1
[2025-10-16 07:22:33]佛光藏:1.0;CBETA:1.0
[2025-10-16 07:22:33][67/6094]SX_1028_2
[2025-10-16 07:22:33]佛光藏:0.987;CBETA:0.987
[2025-10-16 07:22:33][68/6094]SX_1029_1
[2025-10-16 07:22:33]佛光藏:1.0;CBETA:0.9971;华鲤:1.0
[2025-10-16 07:22:33][69/6094]SX_102_1
[2025-10-16 07:22:33]CBETA:1.0
[2025-10-16 07:22:33][70/6094]SX_102_2
[2025-10-16 07:22:34]CBETA:0.999
[2025-10-16 07:22:34][71/6094]SX_102_3
[2025-10-16 07:22:34]CBETA:0.9943
[2025-10-16 07:22:34][72/6094]SX_1030_1
[2025-10-16 07:22:35]CBETA:0.9466;华鲤:0.9416
[2025-10-16 07:22:35][73/6094]SX_1030_10
[2025-10-16 07:22:35]CBETA:0.9917;华鲤:0.99
[2025-10-16 07:22:35][74/6094]SX_1030_2
[2025-10-16 07:22:35]CBETA:0.9951;华鲤:0.9923
[2025-10-16 07:22:35][75/6094]SX_1030_3
[2025-10-16 07:22:35]CBETA:0.9998;华鲤:0.9968
[2025-10-16 07:22:35][76/6094]SX_1030_4
[2025-10-16 07:22:35]CBETA:0.9951;华鲤:0.9939
[2025-10-16 07:22:35][77/6094]SX_1030_5
[2025-10-16 07:22:35]CBETA:0.9995;华鲤:0.9957
[2025-10-16 07:22:35][78/6094]SX_1030_6
[2025-10-16 07:22:36]CBETA:0.9949;华鲤:0.9928
[2025-10-16 07:22:36][79/6094]SX_1030_7
[2025-10-16 07:22:36]CBETA:1.0;华鲤:0.9951
[2025-10-16 07:22:36][80/6094]SX_1030_8
[2025-10-16 07:22:36]CBETA:0.9956;华鲤:0.9923
[2025-10-16 07:22:36][81/6094]SX_1030_9
[2025-10-16 07:22:36]CBETA:0.9993;华鲤:0.9943
[2025-10-16 07:22:36][82/6094]SX_1031_1
[2025-10-16 07:22:38]CBETA:0.9527;华鲤:0.9563
[2025-10-16 07:22:38][83/6094]SX_1031_2
[2025-10-16 07:22:39]CBETA:0.6208;华鲤:0.9638
[2025-10-16 07:22:39][84/6094]SX_1031_3
[2025-10-16 07:22:39]CBETA:0.9941;华鲤:0.9995
[2025-10-16 07:22:39][85/6094]SX_1031_4
[2025-10-16 07:22:40]CBETA:0.9986;华鲤:1.0
[2025-10-16 07:22:40][86/6094]SX_1031_5
[2025-10-16 07:22:40]CBETA:0.9973;华鲤:0.9996
[2025-10-16 07:22:40][87/6094]SX_1032_1
[2025-10-16 07:22:41]CBETA:0.9151;华鲤:0.9146
[2025-10-16 07:22:41][88/6094]SX_1032_1x1
[2025-10-16 07:22:41]CBETA:1.0;华鲤:1.0
[2025-10-16 07:22:41][89/6094]SX_1033_1
[2025-10-16 07:22:42]CBETA:0.9992
[2025-10-16 07:22:42][90/6094]SX_1033_2
[2025-10-16 07:22:42]CBETA:0.969
[2025-10-16 07:22:42][91/6094]SX_1034_1
[2025-10-16 07:22:43]佛光藏:0.8877;CBETA:0.8877
[2025-10-16 07:22:43][92/6094]SX_1034_1x1
[2025-10-16 07:22:43]佛光藏:0.9662;CBETA:0.9743
[2025-10-16 07:22:43][93/6094]SX_1034_2
[2025-10-16 07:22:44]佛光藏:0.9403;CBETA:0.9403
[2025-10-16 07:22:44][94/6094]SX_1035_1
[2025-10-16 07:22:46]佛光藏:0.9388;CBETA:0.8931
[2025-10-16 07:22:46][95/6094]SX_1035_2
[2025-10-16 07:22:48]佛光藏:0.9584;CBETA:0.9623
[2025-10-16 07:22:48][96/6094]SX_1035_3
[2025-10-16 07:22:48]佛光藏:0.9942;CBETA:0.9992
[2025-10-16 07:22:48][97/6094]SX_1035_4
[2025-10-16 07:22:50]佛光藏:0.9592;CBETA:0.9634
[2025-10-16 07:22:50][98/6094]SX_1036_1
[2025-10-16 07:22:50]CBETA:0.9952;华鲤:0.9952
[2025-10-16 07:22:50][99/6094]SX_1037_1
[2025-10-16 07:22:50]CBETA:0.9384;华鲤:0.9384
[2025-10-16 07:22:50][100/6094]SX_1038_1
[2025-10-16 07:22:50]CBETA:1.0
[2025-10-16 07:22:50][101/6094]SX_1039_1
[2025-10-16 07:22:50]CBETA:0.9905
[2025-10-16 07:22:50][102/6094]SX_103_1
[2025-10-16 07:22:50]CBETA:0.9985
[2025-10-16 07:22:50][103/6094]SX_103_2
[2025-10-16 07:22:51]CBETA:0.9971
[2025-10-16 07:22:51][104/6094]SX_103_3
[2025-10-16 07:22:51]CBETA:1.0
[2025-10-16 07:22:51][105/6094]SX_103_4
[2025-10-16 07:22:51]CBETA:1.0
[2025-10-16 07:22:51][106/6094]SX_1040_1
[2025-10-16 07:22:51]CBETA:0.9833
[2025-10-16 07:22:51][107/6094]SX_1041_1
[2025-10-16 07:22:51]CBETA:1.0
[2025-10-16 07:22:51][108/6094]SX_1042_1
[2025-10-16 07:22:51]CBETA:1.0
[2025-10-16 07:22:51][109/6094]SX_1043_1
[2025-10-16 07:22:51]CBETA:1.0
[2025-10-16 07:22:51][110/6094]SX_1044_1
[2025-10-16 07:22:52]CBETA:1.0
[2025-10-16 07:22:52][111/6094]SX_1045_1
[2025-10-16 07:22:52]CBETA:0.9739
[2025-10-16 07:22:52][112/6094]SX_1046_1
[2025-10-16 07:22:52]CBETA:0.9006
[2025-10-16 07:22:52][113/6094]SX_1047_1
[2025-10-16 07:22:52]CBETA:0.9796;华鲤:0.9882
[2025-10-16 07:22:52][114/6094]SX_1048_1
[2025-10-16 07:22:52]CBETA:1.0;华鲤:1.0
[2025-10-16 07:22:52][115/6094]SX_1049_1
[2025-10-16 07:22:52]CBETA:0.8086;华鲤:0.8138
[2025-10-16 07:22:52][116/6094]SX_104_1
[2025-10-16 07:22:52]CBETA:0.9985
[2025-10-16 07:22:52][117/6094]SX_104_2
[2025-10-16 07:22:52]CBETA:1.0
[2025-10-16 07:22:52][118/6094]SX_104_3
[2025-10-16 07:22:53]CBETA:0.9991
[2025-10-16 07:22:53][119/6094]SX_104_4
[2025-10-16 07:22:53]CBETA:1.0
[2025-10-16 07:22:53][120/6094]SX_104_5
[2025-10-16 07:22:53]CBETA:0.9994
[2025-10-16 07:22:53][121/6094]SX_104_6
[2025-10-16 07:22:53]CBETA:1.0
[2025-10-16 07:22:53][122/6094]SX_1050_1
[2025-10-16 07:22:53]CBETA:0.9951;华鲤:0.9854
[2025-10-16 07:22:53][123/6094]SX_1051_1
[2025-10-16 07:22:53]CBETA:0.8976
[2025-10-16 07:22:53][124/6094]SX_1052_1
[2025-10-16 07:22:53]CBETA:0.9949
[2025-10-16 07:22:53][125/6094]SX_1053_1
[2025-10-16 07:22:53]CBETA:0.8526
[2025-10-16 07:22:53][126/6094]SX_1054_1
[2025-10-16 07:22:53]CBETA:0.9946
[2025-10-16 07:22:53][127/6094]SX_1055_1
[2025-10-16 07:22:53]CBETA:1.0;华鲤:1.0
[2025-10-16 07:22:53][128/6094]SX_1056_1
[2025-10-16 07:22:54]CBETA:0.9561
[2025-10-16 07:22:54][129/6094]SX_1057_1
[2025-10-16 07:22:54]CBETA:0.9963;华鲤:0.9963
[2025-10-16 07:22:54][130/6094]SX_1058_1
[2025-10-16 07:22:54]CBETA:0.8483;华鲤:0.8483
[2025-10-16 07:22:54][131/6094]SX_1059_1
[2025-10-16 07:22:54]CBETA:0.9991;华鲤:0.9989
[2025-10-16 07:22:54][132/6094]SX_1059_2
[2025-10-16 07:22:55]CBETA:0.9957;华鲤:0.9975
[2025-10-16 07:22:55][133/6094]SX_1059_3
[2025-10-16 07:22:55]CBETA:0.9983;华鲤:1.0
[2025-10-16 07:22:55][134/6094]SX_105_1
[2025-10-16 07:22:55]CBETA:0.998
[2025-10-16 07:22:55][135/6094]SX_105_2
[2025-10-16 07:22:56]CBETA:0.9974
[2025-10-16 07:22:56][136/6094]SX_105_3
[2025-10-16 07:22:56]CBETA:0.9962
[2025-10-16 07:22:56][137/6094]SX_105_4
[2025-10-16 07:22:56]CBETA:0.9999
[2025-10-16 07:22:56][138/6094]SX_1060_1
[2025-10-16 07:22:56]CBETA:0.9944;华鲤:0.994
[2025-10-16 07:22:56][139/6094]SX_1061_1
[2025-10-16 07:23:00]CBETA:0.8634;华鲤:0.9437
[2025-10-16 07:23:00][140/6094]SX_1061_10
[2025-10-16 07:23:02]CBETA:0.9489;华鲤:0.9454
[2025-10-16 07:23:02][141/6094]SX_1061_2
[2025-10-16 07:23:05]CBETA:0.9567;华鲤:0.9567
[2025-10-16 07:23:06][142/6094]SX_1061_3
[2025-10-16 07:23:08]CBETA:0.9545;华鲤:0.9549
[2025-10-16 07:23:08][143/6094]SX_1061_4
[2025-10-16 07:23:10]CBETA:1.0;华鲤:1.0
[2025-10-16 07:23:10][144/6094]SX_1061_5
[2025-10-16 07:23:11]CBETA:1.0;华鲤:1.0
[2025-10-16 07:23:11][145/6094]SX_1061_6
[2025-10-16 07:23:12]CBETA:0.5986;华鲤:0.99
[2025-10-16 07:23:12][146/6094]SX_1061_7
[2025-10-16 07:23:13]CBETA:0.9907;华鲤:0.9939
[2025-10-16 07:23:13][147/6094]SX_1061_8
[2025-10-16 07:23:15]CBETA:0.9226;华鲤:0.9125
[2025-10-16 07:23:15][148/6094]SX_1061_9
[2025-10-16 07:23:17]CBETA:0.9351;华鲤:0.9328
[2025-10-16 07:23:17][149/6094]SX_1062_1
[2025-10-16 07:23:22]CBETA:0.9159;华鲤:0.9147
[2025-10-16 07:23:22][150/6094]SX_1062_1x1
[2025-10-16 07:23:22]CBETA:1.0;华鲤:1.0
[2025-10-16 07:23:22][151/6094]SX_1062_2
[2025-10-16 07:23:26]CBETA:0.9399;华鲤:0.9376
[2025-10-16 07:23:26][152/6094]SX_1063_1
[2025-10-16 07:23:29]CBETA:0.9235;华鲤:0.9229
[2025-10-16 07:23:29][153/6094]SX_1064_1
